// Jest Snapshot v1, https://goo.gl/fbAQLP

exports[`Test en <GifItem /> Mostrar Snapshot 1`] = `undefined`;
